// Jest Snapshot v1, https://goo.gl/fbAQLP

exports[`BookmarkModal test BookmarkModal should match snapshot 1`] = `null`;
