// Jest Snapshot v1, https://goo.gl/fbAQLP

exports[`ColumnControls test ColumnControls should match snapshot 1`] = `
<div
  className="flex-row"
>
  <div
    className="remove"
    onClick={[Function]}
    style={
      Object {
        "cursor": "pointer",
      }
    }
    title="Hide this column"
  >
    <b>
      âœ—
    </b>
  </div>
  <div
    className="header-icon"
  >
    <i
      class="fa fa-info-circle"
      style={
        Object {
          "color": "#0000FF",
          "cursor": "pointer",
        }
      }
      title="Information about this manuscript"
    />
  </div>
  
</div>
`;
