// Jest Snapshot v1, https://goo.gl/fbAQLP

exports[`DragAndDropTable test DragAndDropTable should match snapshot 1`] = `null`;
