// Jest Snapshot v1, https://goo.gl/fbAQLP

exports[`DragTable test DragTable should match snapshot 1`] = `
<DragTable
  columns={
    Array [
      Object {
        "property": "letter",
        "props": Object {
          "style": Object {
            "width": 80,
          },
        },
        "visible": true,
      },
      Object {
        "cell": Object {
          "formatters": Array [
            null,
          ],
        },
        "property": "row_remover",
        "props": Object {
          "style": Object {
            "width": 45,
          },
        },
        "visible": true,
      },
      Object {
        "header": Object {
          "label": "Vat. Syr. 112",
          "props": Object {
            "label": "Vat. Syr. 112",
          },
        },
        "property": "manuscript1",
        "props": Object {
          "msid": 9,
          "style": Object {
            "width": 200,
          },
        },
        "visible": true,
      },
      Object {
        "header": Object {
          "label": "Vat. Syr. 140",
          "props": Object {
            "label": "Vat. Syr. 140",
          },
        },
        "property": "manuscript2",
        "props": Object {
          "msid": 11,
          "style": Object {
            "width": 200,
          },
        },
        "visible": true,
      },
      Object {
        "header": Object {
          "label": "BL. Add. 17224",
          "props": Object {
            "label": "BL. Add. 17224",
          },
        },
        "property": "manuscript3",
        "props": Object {
          "msid": 16,
          "style": Object {
            "width": 200,
          },
        },
        "visible": true,
      },
    ]
  }
  hiddenManuscripts={
    Array [
      Object {
        "date": "823",
        "display": true,
        "folio": null,
        "id": 3,
        "manifest": "https://digi.vatlib.it/iiif/MSS_Vat.sir.92/manifest.json",
        "notes": null,
        "page": null,
        "resolution": "Color",
        "scribe": null,
        "shelfmark": "Vat. Syr. 092",
        "source": null,
      },
      Object {
        "date": "552",
        "display": true,
        "folio": null,
        "id": 9,
        "manifest": "https://digi.vatlib.it/iiif/MSS_Vat.sir.112/manifest.json",
        "notes": null,
        "page": null,
        "resolution": null,
        "scribe": null,
        "shelfmark": "Vat. Syr. 112",
        "source": null,
      },
      Object {
        "date": "528",
        "display": true,
        "folio": null,
        "id": 11,
        "manifest": "https://digi.vatlib.it/iiif/MSS_Vat.sir.140/manifest.json",
        "notes": null,
        "page": null,
        "resolution": "Black and White",
        "scribe": null,
        "shelfmark": "Vat. Syr. 140",
        "source": null,
      },
    ]
  }
/>
`;
