// Jest Snapshot v1, https://goo.gl/fbAQLP

exports[`LetterImage test LetterImage should match snapshot 1`] = `
<span
  className="letter-row"
>
  
  
</span>
`;
