// Jest Snapshot v1, https://goo.gl/fbAQLP

exports[`LettersLoader test LettersLoader should match snapshot 1`] = `
<div
  className="buttons are-small"
>
  <span
    className="button is-success"
    onClick={[Function]}
  >
    <span
      style={
        Object {
          "direction": "rtl",
          "fontFamily": "EstrangeloEdessa",
          "fontSize": "2em",
        }
      }
      title="ܐ"
    >
      
      ܐ
      
    </span>
  </span>
  <span
    className="button is-success"
    onClick={[Function]}
  >
    <span
      style={
        Object {
          "direction": "rtl",
          "fontFamily": "SertoJerusalem",
          "fontSize": "2em",
        }
      }
      title="ܐ"
    >
      
      ܐ
      
    </span>
  </span>
  <span
    className="button is-outlined"
    onClick={[Function]}
  >
    <span
      style={
        Object {
          "direction": "rtl",
          "fontFamily": "EstrangeloEdessa",
          "fontSize": "2em",
        }
      }
      title="ܒ"
    >
      
      ܒ
      
    </span>
  </span>
  <span
    className="button is-outlined"
    onClick={[Function]}
  >
    <span
      style={
        Object {
          "direction": "rtl",
          "fontFamily": "EstrangeloEdessa",
          "fontSize": "2em",
        }
      }
      title="ܓ"
    >
      
      ܓ
      
    </span>
  </span>
  <span
    className="button is-outlined"
    onClick={[Function]}
  >
    <span
      style={
        Object {
          "direction": "rtl",
          "fontFamily": "EstrangeloEdessa",
          "fontSize": "2em",
        }
      }
      title="ܕ"
    >
      
      ܕ
      
    </span>
  </span>
  <span
    className="button is-outlined"
    onClick={[Function]}
  >
    <span
      style={
        Object {
          "direction": "rtl",
          "fontFamily": "SertoJerusalem",
          "fontSize": "2em",
        }
      }
      title="ܕ"
    >
      
      ܕ
      
    </span>
  </span>
  <span
    className="button is-outlined"
    onClick={[Function]}
  >
    <span
      style={
        Object {
          "direction": "rtl",
          "fontFamily": "EstrangeloEdessa",
          "fontSize": "2em",
        }
      }
      title="ܗ"
    >
      
      ܗ
      
    </span>
  </span>
  <span
    className="button is-outlined"
    onClick={[Function]}
  >
    <span
      style={
        Object {
          "direction": "rtl",
          "fontFamily": "SertoJerusalem",
          "fontSize": "2em",
        }
      }
      title="ܗ"
    >
      
      ܗ
      
    </span>
  </span>
  <span
    className="button is-outlined"
    onClick={[Function]}
  >
    <span
      style={
        Object {
          "direction": "rtl",
          "fontFamily": "EstrangeloEdessa",
          "fontSize": "2em",
        }
      }
      title="ܘ"
    >
      
      ܘ
      
    </span>
  </span>
  <span
    className="button is-outlined"
    onClick={[Function]}
  >
    <span
      style={
        Object {
          "direction": "rtl",
          "fontFamily": "EstrangeloEdessa",
          "fontSize": "2em",
        }
      }
      title="ܙ"
    >
      
      ܙ
      
    </span>
  </span>
  <span
    className="button is-outlined"
    onClick={[Function]}
  >
    <span
      style={
        Object {
          "direction": "rtl",
          "fontFamily": "EstrangeloEdessa",
          "fontSize": "2em",
        }
      }
      title="ܚ"
    >
      
      ܚ
      
    </span>
  </span>
  <span
    className="button is-outlined"
    onClick={[Function]}
  >
    <span
      style={
        Object {
          "direction": "rtl",
          "fontFamily": "EstrangeloEdessa",
          "fontSize": "2em",
        }
      }
      title="ܛ"
    >
      
      ܛ
      
    </span>
  </span>
  <span
    className="button is-outlined"
    onClick={[Function]}
  >
    <span
      style={
        Object {
          "direction": "rtl",
          "fontFamily": "EstrangeloEdessa",
          "fontSize": "2em",
        }
      }
      title="ܝ"
    >
      ‍
      ܝ
      ‍
    </span>
  </span>
  <span
    className="button is-outlined"
    onClick={[Function]}
  >
    <span
      style={
        Object {
          "direction": "rtl",
          "fontFamily": "EstrangeloEdessa",
          "fontSize": "2em",
        }
      }
      title="ܝ"
    >
      
      ܝ
      
    </span>
  </span>
  <span
    className="button is-outlined"
    onClick={[Function]}
  >
    <span
      style={
        Object {
          "direction": "rtl",
          "fontFamily": "EstrangeloEdessa",
          "fontSize": "2em",
        }
      }
      title="ܟ"
    >
      
      ܟ
      ‍
    </span>
  </span>
  <span
    className="button is-outlined"
    onClick={[Function]}
  >
    <span
      style={
        Object {
          "direction": "rtl",
          "fontFamily": "EstrangeloEdessa",
          "fontSize": "2em",
        }
      }
      title="ܟ"
    >
      
      ܟ
      
    </span>
  </span>
  <span
    className="button is-outlined"
    onClick={[Function]}
  >
    <span
      style={
        Object {
          "direction": "rtl",
          "fontFamily": "EstrangeloEdessa",
          "fontSize": "2em",
        }
      }
      title="ܠ"
    >
      
      ܠ
      
    </span>
  </span>
  <span
    className="button is-outlined"
    onClick={[Function]}
  >
    <span
      style={
        Object {
          "direction": "rtl",
          "fontFamily": "EstrangeloEdessa",
          "fontSize": "2em",
        }
      }
      title="ܠ"
    >
      ‍
      ܠ
      
    </span>
  </span>
  <span
    className="button is-outlined"
    onClick={[Function]}
  >
    <span
      style={
        Object {
          "direction": "rtl",
          "fontFamily": "SertoJerusalem",
          "fontSize": "2em",
        }
      }
      title="ܠ"
    >
      
      ܠ
      
    </span>
  </span>
  <span
    className="button is-outlined"
    onClick={[Function]}
  >
    <span
      style={
        Object {
          "direction": "rtl",
          "fontFamily": "EstrangeloEdessa",
          "fontSize": "2em",
        }
      }
      title="ܡ"
    >
      
      ܡ
      ‍
    </span>
  </span>
  <span
    className="button is-outlined"
    onClick={[Function]}
  >
    <span
      style={
        Object {
          "direction": "rtl",
          "fontFamily": "EstrangeloEdessa",
          "fontSize": "2em",
        }
      }
      title="ܡ"
    >
      
      ܡ
      
    </span>
  </span>
  <span
    className="button is-outlined"
    onClick={[Function]}
  >
    <span
      style={
        Object {
          "direction": "rtl",
          "fontFamily": "EstrangeloEdessa",
          "fontSize": "2em",
        }
      }
      title="ܢ"
    >
      
      ܢ
      ‍
    </span>
  </span>
  <span
    className="button is-outlined"
    onClick={[Function]}
  >
    <span
      style={
        Object {
          "direction": "rtl",
          "fontFamily": "EstrangeloEdessa",
          "fontSize": "2em",
        }
      }
      title="ܢ"
    >
      ‍
      ܢ
      
    </span>
  </span>
  <span
    className="button is-outlined"
    onClick={[Function]}
  >
    <span
      style={
        Object {
          "direction": "rtl",
          "fontFamily": "EstrangeloEdessa",
          "fontSize": "2em",
        }
      }
      title="ܢ"
    >
      
      ܢ
      
    </span>
  </span>
  <span
    className="button is-outlined"
    onClick={[Function]}
  >
    <span
      style={
        Object {
          "direction": "rtl",
          "fontFamily": "EstrangeloEdessa",
          "fontSize": "2em",
        }
      }
      title="ܣ"
    >
      
      ܣ
      
    </span>
  </span>
  <span
    className="button is-outlined"
    onClick={[Function]}
  >
    <span
      style={
        Object {
          "direction": "rtl",
          "fontFamily": "EstrangeloEdessa",
          "fontSize": "2em",
        }
      }
      title="ܥ"
    >
      
      ܥ
      
    </span>
  </span>
  <span
    className="button is-outlined"
    onClick={[Function]}
  >
    <span
      style={
        Object {
          "direction": "rtl",
          "fontFamily": "EstrangeloEdessa",
          "fontSize": "2em",
        }
      }
      title="ܦ"
    >
      
      ܦ
      
    </span>
  </span>
  <span
    className="button is-outlined"
    onClick={[Function]}
  >
    <span
      style={
        Object {
          "direction": "rtl",
          "fontFamily": "EstrangeloEdessa",
          "fontSize": "2em",
        }
      }
      title="ܨ"
    >
      
      ܨ
      
    </span>
  </span>
  <span
    className="button is-outlined"
    onClick={[Function]}
  >
    <span
      style={
        Object {
          "direction": "rtl",
          "fontFamily": "EstrangeloEdessa",
          "fontSize": "2em",
        }
      }
      title="ܩ"
    >
      
      ܩ
      
    </span>
  </span>
  <span
    className="button is-outlined"
    onClick={[Function]}
  >
    <span
      style={
        Object {
          "direction": "rtl",
          "fontFamily": "EstrangeloEdessa",
          "fontSize": "2em",
        }
      }
      title="ܪ"
    >
      
      ܪ
      
    </span>
  </span>
  <span
    className="button is-outlined"
    onClick={[Function]}
  >
    <span
      style={
        Object {
          "direction": "rtl",
          "fontFamily": "SertoJerusalem",
          "fontSize": "2em",
        }
      }
      title="ܪ"
    >
      
      ܪ
      
    </span>
  </span>
  <span
    className="button is-outlined"
    onClick={[Function]}
  >
    <span
      style={
        Object {
          "direction": "rtl",
          "fontFamily": "EstrangeloEdessa",
          "fontSize": "2em",
        }
      }
      title="ܫ"
    >
      
      ܫ
      
    </span>
  </span>
  <span
    className="button is-outlined"
    onClick={[Function]}
  >
    <span
      style={
        Object {
          "direction": "rtl",
          "fontFamily": "EstrangeloEdessa",
          "fontSize": "2em",
        }
      }
      title="ܬ"
    >
      
      ܬ
      
    </span>
  </span>
  <span
    className="button is-outlined"
    onClick={[Function]}
  >
    <span
      style={
        Object {
          "direction": "rtl",
          "fontFamily": "SertoJerusalem",
          "fontSize": "2em",
        }
      }
      title="ܬ"
    >
      ‍
      ܬ
      
    </span>
  </span>
  <span
    className="button is-outlined"
    onClick={[Function]}
  >
    <span
      style={
        Object {
          "direction": "rtl",
          "fontFamily": "SertoJerusalem",
          "fontSize": "2em",
        }
      }
      title="ܬ"
    >
      
      ܬ
      
    </span>
  </span>
</div>
`;
