// Jest Snapshot v1, https://goo.gl/fbAQLP

exports[`LetterButton test LetterButton should match snapshot 1`] = `
<span
  onClick={[Function]}
/>
`;
