// Jest Snapshot v1, https://goo.gl/fbAQLP

exports[`ManuscriptItem test ManuscriptItem should match snapshot 1`] = `
<li
  onClick={[Function]}
  style={
    Object {
      "cursor": "pointer",
    }
  }
/>
`;
