// Jest Snapshot v1, https://goo.gl/fbAQLP

exports[`MiradorContainer test MiradorContainer should match snapshot 1`] = `<MiradorViewer />`;
