// Jest Snapshot v1, https://goo.gl/fbAQLP

exports[`PopupImage test PopupImage should match snapshot 1`] = `
<div
  className="letter-image"
/>
`;
