// Jest Snapshot v1, https://goo.gl/fbAQLP

exports[`ScriptChart test ScriptChart should match snapshot 1`] = `null`;
